// Jest Snapshot v1, https://goo.gl/fbAQLP

exports[`<Placeholder /> component snapshot ok 1`] = `
ShallowWrapper {
  "length": 1,
  Symbol(enzyme.__root__): [Circular],
  Symbol(enzyme.__unrendered__): <Placeholder
    actions={Array []}
    inline={false}
    message="Hello world!"
    status="default"
  />,
  Symbol(enzyme.__renderer__): Object {
    "batchedUpdates": [Function],
    "getNode": [Function],
    "render": [Function],
    "simulateEvent": [Function],
    "unmount": [Function],
  },
  Symbol(enzyme.__node__): Object {
    "instance": null,
    "key": undefined,
    "nodeType": "class",
    "props": Object {
      "children": Array [
        <styled.div
          inline={false}
          status="default"
        >
          Hello world!
        </styled.div>,
        Array [],
      ],
      "inline": false,
    },
    "ref": null,
    "rendered": Array [
      Object {
        "instance": null,
        "key": undefined,
        "nodeType": "class",
        "props": Object {
          "children": "Hello world!",
          "inline": false,
          "status": "default",
        },
        "ref": null,
        "rendered": "Hello world!",
        "type": [Function],
      },
    ],
    "type": [Function],
  },
  Symbol(enzyme.__nodes__): Array [
    Object {
      "instance": null,
      "key": undefined,
      "nodeType": "class",
      "props": Object {
        "children": Array [
          <styled.div
            inline={false}
            status="default"
          >
            Hello world!
          </styled.div>,
          Array [],
        ],
        "inline": false,
      },
      "ref": null,
      "rendered": Array [
        Object {
          "instance": null,
          "key": undefined,
          "nodeType": "class",
          "props": Object {
            "children": "Hello world!",
            "inline": false,
            "status": "default",
          },
          "ref": null,
          "rendered": "Hello world!",
          "type": [Function],
        },
      ],
      "type": [Function],
    },
  ],
  Symbol(enzyme.__options__): Object {
    "adapter": ReactSixteenAdapter {
      "options": Object {
        "enableComponentDidUpdateOnSetState": true,
      },
    },
  },
}
`;
